../Core/Inc/i2c_gpio.h:42:22:SDA_HIGH	4	static
../Core/Inc/i2c_gpio.h:50:22:SDA_LOW	4	static
../Core/Inc/i2c_gpio.h:61:25:SDA_READ	4	static
../Core/Inc/i2c_gpio.h:73:22:SCL_HIGH	4	static
../Core/Inc/i2c_gpio.h:81:22:SCL_LOW	4	static
../Core/Src/i2c_bitbang.c:39:13:I2C_Delay	16	static,ignoring_inline_asm
../Core/Src/i2c_bitbang.c:47:13:I2C_SetRegister	16	static
../Core/Src/i2c_bitbang.c:66:13:I2C_Start	8	static
../Core/Src/i2c_bitbang.c:89:13:I2C_Stop	8	static
../Core/Src/i2c_bitbang.c:103:13:I2C_WriteBit	16	static
../Core/Src/i2c_bitbang.c:129:13:I2C_WriteByte	24	static
../Core/Src/i2c_bitbang.c:137:17:I2C_ReadBit	8	static
../Core/Src/i2c_bitbang.c:142:17:I2C_ReadACK	16	static
../Core/Src/i2c_bitbang.c:167:17:I2C_ReadByte	16	static
../Core/Src/i2c_bitbang.c:196:14:I2C_SendNACK	8	static
../Core/Src/i2c_bitbang.c:210:7:I2C_WriteRegister	16	static
../Core/Src/i2c_bitbang.c:228:13:I2C_SendACK	8	static
../Core/Src/i2c_bitbang.c:245:6:I2C_ReadRegisters	32	static
../Core/Src/i2c_bitbang.c:281:9:I2C_ReadRegister	24	static
