../Core/Src/main.c:70:5:main	8	static
../Core/Src/main.c:119:6:SystemClock_Config	88	static
../Core/Src/main.c:167:13:MX_GPIO_Init	40	static
../Core/Src/main.c:200:6:DWT_Init	4	static
../Core/Src/main.c:207:6:BitDelay	16	static
../Core/Src/main.c:216:6:UART_StartBit	8	static
../Core/Src/main.c:224:6:UART_SendByte	24	static
../Core/Src/main.c:250:6:UART_SendString	16	static
../Core/Src/main.c:258:9:UART_ReceiveByte	16	static
../Core/Src/main.c:287:6:BitDelay_1_5	16	static
../Core/Src/main.c:302:6:Error_Handler	4	static,ignoring_inline_asm
